SSSSSSSSSSSSSSSSSSSSSSSSSSSSSSSSSSSSSSSSSSSSSSSSSSSSSSSSSSSSSSSSSSSSSSSSSSSSSSSSSSSSSSSSSSSSSSSSSSSSSSSSSSSSSSSSSSSSSSSSSSSSSSSSSSSSSSSSSSSSSSSSSSSSSSSSSSSSSSSSSSSSSSSSSSSSSSSSSSSSSSSSSSSSSSSSSSSSSSSS
SSSSSSSSSSSSSSSSSSSSSSSSXXXXXXXXXXXXXXXXXXXXXXXXXXXXXXXXXXXXXXXXXXXXXXXXXXXSSSSSSSSSSSSSSSSSSSSSSSSSSSSSSSSSSSXXXXXXXXXXXXXXXXXXXXXXXXXXXXXXXXXXXXXXXXXXXXXXXXXXXXXXXXXXXXXXXXXXXXXXXSSSSSSSSSSSSSSSSSSS
SSSSSSSSSSSSSSSSSSSSSSSSX  LDDDR X      X    /    T             T     /   XSSSSSSSSSSSSSSSSSSSSSSSSSSSSSSSSSSSX             X                 X                  X        X         XSSSSSSSSSSSSSSSSSSS
SSSSSSSSSSSSSSSSSSSSSSSSX    C   X      X    /                        /   XSSSSSSSSSSSSSSSSSSSSSSSSSSSSSSSSSSSX             X                 X                  X        X         XSSSSSSSSSSSSSSSSSSS
SSSSSSSSSSSSSSSSSSSSSSSSX        X      X    /                        /   XSSSSSSSSSSSSSSSSSSSSSSSSSSSSSSSSSSSX             X                 X                  X        X         XSSSSSSSSSSSSSSSSSSS
SSSSSSSSSSSSSSSSXXXXXXXXX        X                                    /   XXXXXXXXXXXXXXXXXXXXXXXXXXXXXXXXXXXXX             X                 X                  X        X         XXXXXXXSSSSSSSSSSSSS
SSSSSSSSSSSSSSSSX  LDDDR                     /                        /   X                X                  X             X                 X                                          XSSSSSSSSSSSSS
SSSSSSSSSSSSSSSSX    C                  X    ////   ////////////   ////   X                X                  X             X                 X                                           XSSSSSSSSSSSSS
SSSSSSSSSSSSSSSSX                       X                                 X                X                  X             X                 X                  X        X               XSSSSSSSSSSSSS
SSSSSSSSSXXXXXXXX                X      X                                 X                X                  X             X                 X                  X        X               XXXXXXXSSSSSSS
SSSSSSSSSX    LDR                X      XXXXXXXX   XXXXXXXXXXXXX   XXXXXXXXXXXXX    XXXXXXXXXXXXX    XXXXXXXXXXXXXXX   XXXXXXXXXXXXX   XXXXXXXXXXXXXXX   XXXXXXXXX        X                     XSSSSSSS
SSSSSSSSXX///  C                 X                                                                                                                                        X                     XXSSSSSS
SSSSSSSSXX///                    X                                                                                                                                        X                     XXSSSSSS
SSSSSSSSXX///                    X                                                                                                                                        X                     XXSSSSSS
SSSSSSSSSX                       X                                        XXXXXXXXXXXXXXXXXXXXXXXX    XXXXXXXXXXXXXXXXXXXXXXXXXXXXXX                                      X                     XSSSSSSS
SSSSSSSSSXXXXXXXXXXXXXXX   XXXXXXX                XXXXXXXX   XXXXXXXX     X                                                        X     XXXXXXX   XXXXXX                 XXXXX   XXXXXXXXXXXXXXXSSSSSSS
SSSSSSSSSSSSSSSSX                                 X                 X     X                                                        X     X              X                                 XSSSSSSSSSSSSS
SSSSSSSSSSSSSSSSX                                 X                 X     X                                                        X     X              X                                 XSSSSSSSSSSSSS
SSSSSSSSSSSSSSSSX                                                   X     X            ///////////     ///////////////             X     X                                                XSSSSSSSSSSSSS
SSSSSSSSSSSSSSSSXXXXXXXX   XXXXXXX                                  X     X            /XXXXXXXXXX     XXXXXXXXXXXXXX/             X     X                                XXXXX   XXXXXXXXXSSSSSSSSSSSSS
SSSSSSSSSSSSSSSSX                X                X                 X     X            /X                           X/             X     X              X                 X               XSSSSSSSSSSSSS
SSXXXXXXXXXXXXXXX         D      X                X                 X     X            /X                           X/             X     X              X                 X               XXXXXXXXXXXXSS
SSX                       TC     X                XXXXXXXX   XXXXXXXX     X            /X                           X/             X     XXXXXXX   XXXXXX                 X                          XSS
SXX///        D           D      X                                                                                                                                        X                          XXS
SXX///        TC                 X                                                                                                                                        X                          XXS
SXX///        D           D      X                                                                                                                                        X                          XXS
SSX                       TC     X                XXXXXXXX   XXXXXXXX     X            /X                           X/             X     XXXXXXX   XXXXXX                 X                          XSS
SSXXXXXXXXXXXXXX          D      X                X                 X     X            /X                           X/             X     X              X                 X               XXXXXXXXXXXXSS
SSSSSSSSSSSSSSSX                 X                X                 X     X            /X                           X/             X     X              X                 X               XSSSSSSSSSSSSS
SSSSSSSSSSSSSSSXXXXXXXX   XXXXXXXX                                  X     X            /XXXXXXXXXXX     XXXXXXXXXXXXX/             X     X                                XXXXX   XXXXXXXXXSSSSSSSSSSSSS
SSSSSSSSSSSSSSSX                                                    X     X            ////////////     //////////////             X     X                                                XSSSSSSSSSSSSS
SSSSSSSSSSSSSSSX                                  X                 X     X                                                        X     X              X                                 XSSSSSSSSSSSSS
SSSSSSSSSSSSSSSX                                  X                 X     X                                                        X     X              X                                 XSSSSSSSSSSSSS
SSSSSSSSSSSSSSSX                                  XXXXXXXX   XXXXXXXX     X                                                        X     XXXXXXX   XXXXXX                                 XSSSSSSSSSSSSS
SSSSSSSSXXXXXXXXXXXXXXX   XXXXXXXX                                        XXXXXXXXXXXXXXXXXXXXXXXXX     XXXXXXXXXXXXXXXXXXXXXXXXXXXX                                      XXXXX   XXXXXXXXXXXXXXXSSSSSSS
SSSSSSSSX                        X                                                                                                                                        X                     XSSSSSSS
SSSSSSSXX///                     X                                                                                                                                        X                     XXSSSSSS
SSSSSSSXX///                     X                                                                                                                                        X                     XXSSSSSS
SSSSSSSXX/// C                   X                                                                                                                                        X                     XXSSSSSS
SSSSSSSSX   LDR                  X      XXXX   XXXXXXXX   XXXXXXXX   XXXXXXXXXXXXX   XXXXXXXXXXXXXX   XXXXXXXXXXXXXXXX    XXXXXXXXXXXXXXXXXXXXX    XXXXXXXXXXXXXXX        X                     XSSSSSSS
SSSSSSSSXXXXXXXX                 X      X         X          X            X                 X                 X                                                  X        X               XXXXXXXSSSSSSS
SSSSSSSSSSSSSSSX                 X      X         X          X            X                 X                 X                                                  X        X               XSSSSSSSSSSSSS
SSSSSSSSSSSSSSSX   C                              X          X            X                 X                 X    ////   ///////////////////////   /////////             X               XSSSSSSSSSSSSS
SSSSSSSSSSSSSSSX LDDDR                            X          X            X                 X                 X    /                                        /                             XSSSSSSSSSSSSS
SSSSSSSSSSSSSSSXXXXXXX           X      X         X          X            XXXXXXXXXXXXXXXXXXXXXXXXXXXXXXXXXXXXX    /                                             X                        XSSSSSSSSSSSSS
SSSSSSSSSSSSSSSSSSSSSX           X      X         X          X            XSSSSSSSSSSSSSSSSSSSSSSSSSSSSSSSSSSSX    /                                        /    X        X         XXXXXXXSSSSSSSSSSSSS
SSSSSSSSSSSSSSSSSSSSSX       C   X      X         X          X            XSSSSSSSSSSSSSSSSSSSSSSSSSSSSSSSSSSSX    /                                        /    X        X         XSSSSSSSSSSSSSSSSSSS
SSSSSSSSSSSSSSSSSSSSSX     LDDDR X      X         X          X            XSSSSSSSSSSSSSSSSSSSSSSSSSSSSSSSSSSSX    /         T                 T           /     X        X         XSSSSSSSSSSSSSSSSSSS
SSSSSSSSSSSSSSSSSSSSSXXXXXXXXXXXXXXXXXXXXXXXXXXXXXXXXXXXXXXXXXXXXXXXXXXXXXXSSSSSSSSSSSSSSSSSSSSSSSSSSSSSSSSSSSXXXXXXXXXXXXXXXXXXXXXXXXXXXXXXXXXXXXXXXXXXXXXXXXXXXXXXXXXXXXXXXXXXXXXXXSSSSSSSSSSSSSSSSSSS
SSSSSSSSSSSSSSSSSSSSSSSSSSSSSSSSSSSSSSSSSSSSSSSSSSSSSSSSSSSSSSSSSSSSSSSSSSSSSSSSSSSSSSSSSSSSSSSSSSSSSSSSSSSSSSSSSSSSSSSSSSSSSSSSSSSSSSSSSSSSSSSSSSSSSSSSSSSSSSSSSSSSSSSSSSSSSSSSSSSSSSSSSSSSSSSSSSSSSSSS
