XXXXXXXXXXXXXXXXXXXXXXXXXXXXXXXXXXXXXXXXXXXXXXXXXXXXXXXXXXXXXXXXXXXXXXXXXXXXXXXXXXXXXXXXXXXXXXXXXXXX
X    @      X      X LDRXXLDR X     XX           X                 X                    X          X
X           X      X  C XX C  X     XX           X   C         C   X   C           C    X          X
X           X      X    XX    X     XX           X  LDR       LDR  X  LDR         LDR   X          X
X   C C C   X           XX          XX           XXXXXXXXXX  XXXXXXXXXXXXXXXXX  XXXXXXXXXXXXX   XXXX
X  LDDDDDR  X           XX               C   C                                                     X
X   C C C   X           XX              LDDDDDR                                                    X
X           X      XXXXXXXXXXXX     XX   C   C   X         XXXXXXXXXXXXXXXXXXX                     X
X                       XX          XX           X         XXXXXXXXXXXXXXXXXXX                     X
X                       XX          XX           X                                                 X
X           X      X    XX    X     XXXXXXXXXXXXXX                                                 X
X   C C C   X      X  C XX C  X     XXXXXXXXXXXXXX      XXXXXXXXXXXXXXXXXXXXXXXXXXXXXXXX     XXXXXXX
X  LDDDDDR  X      X LDRXXLDR X     XX           X      X                     X   LDR  X     X LDR X
X   C C C   X      XXXXXXXXXXXX     XX           X      X           X         X    C   X     X  C  X
X           X      X LDRXXLDR X     XX           X      X         LRXLR       X        X     X     X
X           X      X    XX    X     XX   C C C   X      X         XXXXX       X        X     X     X
XXXXXX  XXXXX      X    XX    X         LDDDDDR         X         LRXLR       X                    X
X   X                   XX                 C            X           X         XXXXXXXXXX     XXXXXXX
X   X                   XX          XX           X      X                     X                    X
X                  XXXXXXXXXXXX     XX           X      X           C         X        X     X     X
XXXXX                               XX           X      X          LDR        X    C   X     X  C  X
X                                   XX           X      X                     X   LDR  X     X LDR X
X   X                               XX           X      XXXXXXXXX     XXXXXXXXXXXXXXXXXX     XXXXXXX
X   X                               XXXXXXXXXXXXXX                                                 X
XXXXXXXXXXXXXXXX                    XXXXXXXXXXXXXX                                                 X
X       X       X        XXX     XXXXXXXXXXXXXXXXXXXXXXX    XXXXXXXXXXXXXXX           XXXXXX  XXXXXX
X       X       X        X        X                   X                   X           X            X
XXXX    X    XXXX        X        X                   X                   X           X    C C C   X
X                        X        X     LDDDDDDDDDR   X                   X           X   LDDDDDR  X
XXXX        XXXXX        X        XX    XXXXXXXXXXX  XX                   X           X    C C C   X
X       X       X        X                                                                         X
X       X       X        X       C C C C C                    C C C       X           XXXXXXXXXXXXXX
X       X       X               LDDDDDDDDDR                   LDDDDR      X           X            X
XXXXXXXXXXXXXXXX                 C C C C C      C C C C        C C C      X           X    C C C   X
X       X      X         X                    LDDDDDDDDR                  X           X   LDDDDDR  X
X       X      X         X                     C C C C                    X           X    C C C   X
X       X      X         X                                                X                        X
XXXX        XXXX         X       C C C C                      C C C       X           X            X
X                        X      LDDDDDDDDR                    LDDDDR      X           XXXXXXXXXXXXXX
X                                C C C C                       C C C      X                   X    X
XXXX    X   XXXX                               C C C C C                  X                       ^X
X       X      X         X                    LDDDDDDDDDR                 X                   X    X
X       X      X         X                     C C C C C                  X           XXXXXXXXXXXXXX
XXXXXXXXXXXXXXXX         X                                                X           X            X
X              X         X         C C C C                  C C C C                   X            X
X              X         X        LDDDDDDDR                 LDDDDDDR                  X            X
X              X         X        C C C C C                 C C C C       X           X            X
X                        X                                                X                        X
X                        X                                                X                        X
X XXXXXXXXXXXXXX         XXXXXXXXXXXX    XXXXXXXXXXXXXXXXXXXXX    XXXXXXXXX           XXXXXXXXXXXXXX
X              X                         X                   X                        X            X
X              X                         X         C         X                        X            X
X              XXXX   XXXX               X       LDDDR       X              XXXX   XXXX            X
X                        X               X                   X              X                      X
X                        X               XXXXXXXXX    XXXXXXXX              X                      X
X                        X                                                  X                      X
XXXXXXXXXXXX    XXXXXXXXXX                                                  XXXXXXXXXXXXX  XXXXXXXXX
X        X                                                                                  X      X
X                               XXXXXX   XXXXXXXXXXXXXXX    XXXXX                                  X
X        X                      X              X                X                           X      X
XXXXXXXXXXXXXXXXXXXXX           X              X                X               XXXXXXXXXXXXXXXXXXXX 
X         X         X                          X                                X         X        X
X         X         X                          X                                X         X        X
X         X         X           X              X                X               X         X        X
XXXXXXX   XXXXXXX   X           X              X                X               X   XXXXXXX   XXXXXX
X     X                         X              X                X                              X   X
X                               XXXXXX  XXXXXXXXXXXXXXXX    XXXXX                                  X
X     X             X                          X                                X              X   X
XXXXXXX   XXXXXXX   X                          X                                X   XXXXXXX   XXXXXX
X         X         X                          X                                X         X        X
X         X         X           XXXXXX  XXXXXXXXXXXXXXXX    XXXXX               X         X        X
X         X         X           X              X                X               X         X        X
XXXXXXXXXXXXXXXXXXXXX           X              X                X               XXXXXXXXXXXXXXXXXXXX
X         X         X           X              X                X               X         X        X
X         X         X                          X                                X         X        X
X         X         X                          X                                X         X        X
XXXXXXX   XXXXXXX   X           X              X                X               X   XXXXXXX   XXXXXX 
XXXXXX                          X              X                X                                  X
XXXXXX                          X              X                X                                  X
XXXXXXX   XXXXXXX   X           XXXXX  XXXXXXXXXXXXXXXX   XXXXXXX               X   XXXXXXX   XXXXXX
X         X         X                          X                                X         X        X
X         X         X                          X                                X         X        X
X         X         X                          X                                X         X        X
XXXXXXXXXXXXXXXXXXXXXX      XXXXXXX   XXXXXXXXXXXXXXXXX   XXXXXXX               XXXXXXXXXXXXXXXXXXXX
X      X     X    X         X                  X                X                X     X      X    X
X      X     X    X         X                  X                X                X     X      X    X
X      X     X              X   LDDR   LDDR    X  LDDR    LDDR  X                                  X
X                           X XXXXXXXXXXXXXXXXXXXXXXXXXXXXXXXXXXX                                  X
X     X     X     X         X   LDDR    LDDR   X    LDDR  LDDR  X                X     X      X    X
X     X     X     X         X                  X                X                X     X      X    X
X     X     X     X         X                  X                X                X     X      X    X
XXXXXXXXXXXXXXXXXXX         XXXXXXX   XXXXXXXXXXXXXXXXXX   XXXXXX                XXXXXXXXXXXXXXXXXXX
X                                                                                                  X
X                                                                                                  X
X                                                                                                  X
XXXXX      XXXXXXXXXX   XXXXX      XXXXXXXXX      XXXXXXXX      XXXXXXX       XXXXXXX   XXX      XXX
X       X       X       X      X       X      X      X      X      X      X      X      X     X    X
X   C   X   C   X   C   X  C   X    C  X   C  X  C   X   C  X   C  X   C  X  C   X   C  X  C  X  C X
X LDDR  X LDDR  X LDDDR X LDR  X  LDDR X  LDR X LDR  X  LDR X LDDR X  LDR X LDR  X  LDR X LDR X LDRX
XXXXXXXXXXXXXXXXXXXXXXXXXXXXXXXXXXXXXXXXXXXXXXXXXXXXXXXXXXXXXXXXXXXXXXXXXXXXXXXXXXXXXXXXXXXXXXXXXXXX
